// Jest Snapshot v1, https://goo.gl/fbAQLP

exports[`Icon.vue dot prop 1`] = `
VueWrapper {
  "__app": Object {
    "_component": Object {
      "__props": Array [],
      "name": "VTU_ROOT",
      "render": [Function],
    },
    "_container": <div
      data-v-app=""
      id="app"
    >
      <i
        class="ha-icon ha-icon-default"
      >
        <!--v-if-->
        <!--v-if-->
        <!--v-if-->
      </i>
    </div>,
    "_context": Object {
      "app": [Circular],
      "components": Object {},
      "config": Object {
        "errorHandler": undefined,
        "globalProperties": Object {},
        "isCustomElement": [Function],
        "isNativeTag": [Function],
        "optionMergeStrategies": Object {},
        "performance": false,
        "warnHandler": undefined,
      },
      "directives": Object {},
      "mixins": Array [
        Object {
          "__props": Array [],
          "beforeCreate": [Function],
        },
        Object {
          "__props": Array [],
          "beforeCreate": [Function],
        },
      ],
      "provides": Object {},
      "reload": [Function],
    },
    "_props": null,
    "component": [Function],
    "config": Object {
      "errorHandler": undefined,
      "globalProperties": Object {},
      "isCustomElement": [Function],
      "isNativeTag": [Function],
      "optionMergeStrategies": Object {},
      "performance": false,
      "warnHandler": undefined,
    },
    "directive": [Function],
    "mixin": [Function],
    "mount": [Function],
    "provide": [Function],
    "unmount": [Function],
    "use": [Function],
    "version": "3.0.0-rc.5",
  },
  "__setProps": [Function],
  "componentVM": Object {
    "__emitted": Object {},
    "badge": "",
    "classes": Array [
      "ha-icon",
      Object {
        "ha-icon-default": true,
      },
    ],
    "color": "",
    "dot": false,
    "imageIcon": false,
    "name": "default",
    "prefixCls": "ha-icon",
    "size": "default",
  },
  "rootVM": Object {
    "__emitted": Object {},
  },
}
`;

exports[`Icon.vue renders props.msg when passed 1`] = `
VueWrapper {
  "__app": Object {
    "_component": Object {
      "__props": Array [],
      "name": "VTU_ROOT",
      "render": [Function],
    },
    "_container": <div
      data-v-app=""
      id="app"
    >
      <i
        class="ha-icon ha-icon-default"
      >
        <!--v-if-->
        <!--v-if-->
        <!--v-if-->
      </i>
    </div>,
    "_context": Object {
      "app": [Circular],
      "components": Object {},
      "config": Object {
        "errorHandler": undefined,
        "globalProperties": Object {},
        "isCustomElement": [Function],
        "isNativeTag": [Function],
        "optionMergeStrategies": Object {},
        "performance": false,
        "warnHandler": undefined,
      },
      "directives": Object {},
      "mixins": Array [
        Object {
          "__props": Array [],
          "beforeCreate": [Function],
        },
        Object {
          "__props": Array [],
          "beforeCreate": [Function],
        },
      ],
      "provides": Object {},
      "reload": [Function],
    },
    "_props": null,
    "component": [Function],
    "config": Object {
      "errorHandler": undefined,
      "globalProperties": Object {},
      "isCustomElement": [Function],
      "isNativeTag": [Function],
      "optionMergeStrategies": Object {},
      "performance": false,
      "warnHandler": undefined,
    },
    "directive": [Function],
    "mixin": [Function],
    "mount": [Function],
    "provide": [Function],
    "unmount": [Function],
    "use": [Function],
    "version": "3.0.0-rc.5",
  },
  "__setProps": [Function],
  "componentVM": Object {
    "__emitted": Object {},
    "badge": "",
    "classes": Array [
      "ha-icon",
      Object {
        "ha-icon-default": true,
      },
    ],
    "color": "",
    "dot": false,
    "imageIcon": false,
    "name": "default",
    "prefixCls": "ha-icon",
    "size": "default",
  },
  "rootVM": Object {
    "__emitted": Object {},
  },
}
`;
